15:09:08 **** Incremental Build of configuration Debug for project CargaPrimaria ****
make -j4 all 
arm-none-eabi-gcc "../Services/Src/PWM.c" -mcpu=cortex-m4 -std=gnu11 -g3 -DDEBUG -DUSE_HAL_DRIVER -DSTM32F401xC -c -I../Core/Inc -I../Drivers/STM32F4xx_HAL_Driver/Inc -I../Drivers/STM32F4xx_HAL_Driver/Inc/Legacy -I../Drivers/CMSIS/Device/ST/STM32F4xx/Include -I../Drivers/CMSIS/Include -I../Services/Inc -I../Applications/Inc -O0 -ffunction-sections -fdata-sections -Wall -fstack-usage -fcyclomatic-complexity -MMD -MP -MF"Services/Src/PWM.d" -MT"Services/Src/PWM.o" --specs=nano.specs -mfpu=fpv4-sp-d16 -mfloat-abi=hard -mthumb -o "Services/Src/PWM.o"
arm-none-eabi-gcc -o "CargaPrimaria.elf" @"objects.list"   -mcpu=cortex-m4 -T"C:\Users\narva\OneDrive\Escritorio\CANSAT\uC-Software\CargaPrimaria\STM32F401CCUX_FLASH.ld" --specs=nosys.specs -Wl,-Map="CargaPrimaria.map" -Wl,--gc-sections -static --specs=nano.specs -mfpu=fpv4-sp-d16 -mfloat-abi=hard -mthumb -Wl,--start-group -lc -lm -Wl,--end-group
Finished building target: CargaPrimaria.elf
 
arm-none-eabi-size   CargaPrimaria.elf 
arm-none-eabi-objdump -h -S  CargaPrimaria.elf  > "CargaPrimaria.list"
   text	   data	    bss	    dec	    hex	filename
  14872	     68	   2148	  17088	   42c0	CargaPrimaria.elf
Finished building: default.size.stdout
 
Finished building: CargaPrimaria.list
 

15:09:10 Build Finished. 0 errors, 0 warnings. (took 1s.805ms)

